n/objeto_314.jpg
n/objeto_313.jpg
n/objeto_312.jpg
n/objeto_311.jpg
n/objeto_310.jpg
n/objeto_309.jpg
n/objeto_308.jpg
n/objeto_307.jpg
n/objeto_306.jpg
n/objeto_305.jpg
n/objeto_304.jpg
n/objeto_303.jpg
n/objeto_302.jpg
n/objeto_301.jpg
n/objeto_300.jpg
n/objeto_299.jpg
n/objeto_298.jpg
n/objeto_297.jpg
n/objeto_296.jpg
n/objeto_295.jpg
n/objeto_294.jpg
n/objeto_293.jpg
n/objeto_292.jpg
n/objeto_291.jpg
n/objeto_290.jpg
n/objeto_289.jpg
n/objeto_288.jpg
n/objeto_287.jpg
n/objeto_286.jpg
n/objeto_285.jpg
n/objeto_284.jpg
n/objeto_283.jpg
n/objeto_282.jpg
n/objeto_281.jpg
n/objeto_280.jpg
n/objeto_279.jpg
n/objeto_278.jpg
n/objeto_277.jpg
n/objeto_276.jpg
n/objeto_275.jpg
n/objeto_274.jpg
n/objeto_273.jpg
n/objeto_272.jpg
n/objeto_271.jpg
n/objeto_270.jpg
n/objeto_269.jpg
n/objeto_268.jpg
n/objeto_267.jpg
n/objeto_266.jpg
n/objeto_265.jpg
n/objeto_264.jpg
n/objeto_263.jpg
n/objeto_262.jpg
n/objeto_261.jpg
n/objeto_260.jpg
n/objeto_259.jpg
n/objeto_258.jpg
n/objeto_257.jpg
n/objeto_256.jpg
n/objeto_255.jpg
n/objeto_254.jpg
n/objeto_253.jpg
n/objeto_252.jpg
n/objeto_251.jpg
n/objeto_250.jpg
n/objeto_249.jpg
n/objeto_248.jpg
n/objeto_247.jpg
n/objeto_246.jpg
n/objeto_245.jpg
n/objeto_244.jpg
n/objeto_243.jpg
n/objeto_242.jpg
n/objeto_241.jpg
n/objeto_240.jpg
n/objeto_239.jpg
n/objeto_238.jpg
n/objeto_237.jpg
n/objeto_236.jpg
n/objeto_235.jpg
n/objeto_234.jpg
n/objeto_233.jpg
n/objeto_232.jpg
n/objeto_231.jpg
n/objeto_230.jpg
n/objeto_229.jpg
n/objeto_228.jpg
n/objeto_227.jpg
n/objeto_226.jpg
n/objeto_225.jpg
n/objeto_224.jpg
n/objeto_223.jpg
n/objeto_222.jpg
n/objeto_221.jpg
n/objeto_220.jpg
n/objeto_219.jpg
n/objeto_218.jpg
n/objeto_217.jpg
n/objeto_216.jpg
n/objeto_215.jpg
n/objeto_214.jpg
n/objeto_213.jpg
n/objeto_212.jpg
n/objeto_211.jpg
n/objeto_210.jpg
n/objeto_209.jpg
n/objeto_208.jpg
n/objeto_207.jpg
n/objeto_206.jpg
n/objeto_205.jpg
n/objeto_204.jpg
n/objeto_203.jpg
n/objeto_202.jpg
n/objeto_201.jpg
n/objeto_200.jpg
n/objeto_199.jpg
n/objeto_198.jpg
n/objeto_197.jpg
n/objeto_196.jpg
n/objeto_195.jpg
n/objeto_194.jpg
n/objeto_193.jpg
n/objeto_192.jpg
n/objeto_191.jpg
n/objeto_190.jpg
n/objeto_189.jpg
n/objeto_188.jpg
n/objeto_187.jpg
n/objeto_186.jpg
n/objeto_185.jpg
n/objeto_184.jpg
n/objeto_183.jpg
n/objeto_182.jpg
n/objeto_181.jpg
n/objeto_180.jpg
n/objeto_179.jpg
n/objeto_178.jpg
n/objeto_177.jpg
n/objeto_176.jpg
n/objeto_175.jpg
n/objeto_174.jpg
n/objeto_173.jpg
n/objeto_172.jpg
n/objeto_171.jpg
n/objeto_170.jpg
n/objeto_169.jpg
n/objeto_168.jpg
n/objeto_167.jpg
n/objeto_166.jpg
n/objeto_165.jpg
n/objeto_164.jpg
n/objeto_163.jpg
n/objeto_162.jpg
n/objeto_161.jpg
n/objeto_160.jpg
n/objeto_159.jpg
n/objeto_158.jpg
n/objeto_157.jpg
n/objeto_156.jpg
n/objeto_155.jpg
n/objeto_154.jpg
n/objeto_153.jpg
n/objeto_152.jpg
n/objeto_151.jpg
n/objeto_150.jpg
n/objeto_149.jpg
n/objeto_148.jpg
n/objeto_147.jpg
n/objeto_146.jpg
n/objeto_145.jpg
n/objeto_144.jpg
n/objeto_143.jpg
n/objeto_142.jpg
n/objeto_141.jpg
n/objeto_140.jpg
n/objeto_139.jpg
n/objeto_138.jpg
n/objeto_137.jpg
n/objeto_136.jpg
n/objeto_135.jpg
n/objeto_134.jpg
n/objeto_133.jpg
n/objeto_132.jpg
n/objeto_131.jpg
n/objeto_130.jpg
n/objeto_129.jpg
n/objeto_128.jpg
n/objeto_127.jpg
n/objeto_126.jpg
n/objeto_125.jpg
n/objeto_124.jpg
n/objeto_123.jpg
n/objeto_122.jpg
n/objeto_121.jpg
n/objeto_120.jpg
n/objeto_119.jpg
n/objeto_118.jpg
n/objeto_117.jpg
n/objeto_116.jpg
n/objeto_115.jpg
n/objeto_114.jpg
n/objeto_113.jpg
n/objeto_112.jpg
n/objeto_111.jpg
n/objeto_110.jpg
n/objeto_109.jpg
n/objeto_108.jpg
n/objeto_107.jpg
n/objeto_106.jpg
n/objeto_105.jpg
n/objeto_104.jpg
n/objeto_103.jpg
n/objeto_102.jpg
n/objeto_101.jpg
n/objeto_100.jpg
n/objeto_99.jpg
n/objeto_98.jpg
n/objeto_97.jpg
n/objeto_96.jpg
n/objeto_95.jpg
n/objeto_94.jpg
n/objeto_93.jpg
n/objeto_92.jpg
n/objeto_91.jpg
n/objeto_90.jpg
n/objeto_89.jpg
n/objeto_88.jpg
n/objeto_87.jpg
n/objeto_86.jpg
n/objeto_85.jpg
n/objeto_84.jpg
n/objeto_83.jpg
n/objeto_82.jpg
n/objeto_81.jpg
n/objeto_80.jpg
n/objeto_79.jpg
n/objeto_78.jpg
n/objeto_77.jpg
n/objeto_76.jpg
n/objeto_75.jpg
n/objeto_74.jpg
n/objeto_73.jpg
n/objeto_72.jpg
n/objeto_71.jpg
n/objeto_70.jpg
n/objeto_69.jpg
n/objeto_68.jpg
n/objeto_67.jpg
n/objeto_66.jpg
n/objeto_65.jpg
n/objeto_64.jpg
n/objeto_63.jpg
n/objeto_62.jpg
n/objeto_61.jpg
n/objeto_60.jpg
n/objeto_59.jpg
n/objeto_58.jpg
n/objeto_57.jpg
n/objeto_56.jpg
n/objeto_55.jpg
n/objeto_54.jpg
n/objeto_53.jpg
n/objeto_52.jpg
n/objeto_51.jpg
n/objeto_50.jpg
n/objeto_49.jpg
n/objeto_48.jpg
n/objeto_47.jpg
n/objeto_46.jpg
n/objeto_45.jpg
n/objeto_44.jpg
n/objeto_43.jpg
n/objeto_42.jpg
n/objeto_41.jpg
n/objeto_40.jpg
n/objeto_39.jpg
n/objeto_38.jpg
n/objeto_37.jpg
n/objeto_36.jpg
n/objeto_35.jpg
n/objeto_34.jpg
n/objeto_33.jpg
n/objeto_32.jpg
n/objeto_31.jpg
n/objeto_30.jpg
n/objeto_29.jpg
n/objeto_28.jpg
n/objeto_27.jpg
n/objeto_26.jpg
n/objeto_25.jpg
n/objeto_24.jpg
n/objeto_23.jpg
n/objeto_22.jpg
n/objeto_21.jpg
n/objeto_20.jpg
n/objeto_19.jpg
n/objeto_18.jpg
n/objeto_17.jpg
n/objeto_16.jpg
n/objeto_15.jpg
n/objeto_14.jpg
n/objeto_13.jpg
n/objeto_12.jpg
n/objeto_11.jpg
n/objeto_10.jpg
n/objeto_9.jpg
n/objeto_8.jpg
n/objeto_7.jpg
n/objeto_6.jpg
n/objeto_5.jpg
n/objeto_4.jpg
n/objeto_3.jpg
n/objeto_2.jpg
n/objeto_1.jpg
n/objeto_0.jpg